2026-05-07 12:25:35.173 [INFO] com.mueez.oebsait.Main - Starting Main using Java 21 with PID 16540 (/home/mooease/Projects/oebsait/repos/oebsait/target/classes started by mooease in /home/mooease/Projects/oebsait/repos/oebsait)
2026-05-07 12:25:35.184 [INFO] com.mueez.oebsait.Main - No active profile set, falling back to 1 default profile: "default"
2026-05-07 12:25:36.520 [INFO] org.springframework.boot.web.embedded.tomcat.TomcatWebServer - Tomcat initialized with port 8080 (http)
2026-05-07 12:25:36.548 [INFO] org.apache.coyote.http11.Http11NioProtocol - Initializing ProtocolHandler ["http-nio-8080"]
2026-05-07 12:25:36.551 [INFO] org.apache.catalina.core.StandardService - Starting service [Tomcat]
2026-05-07 12:25:36.552 [INFO] org.apache.catalina.core.StandardEngine - Starting Servlet engine: [Apache Tomcat/10.1.48]
2026-05-07 12:25:36.626 [INFO] org.apache.catalina.core.ContainerBase.[Tomcat].[localhost].[/] - Initializing Spring embedded WebApplicationContext
2026-05-07 12:25:36.626 [INFO] org.springframework.boot.web.servlet.context.ServletWebServerApplicationContext - Root WebApplicationContext: initialization completed in 1348 ms
2026-05-07 12:25:37.713 [INFO] org.apache.coyote.http11.Http11NioProtocol - Starting ProtocolHandler ["http-nio-8080"]
2026-05-07 12:25:37.731 [INFO] org.springframework.boot.web.embedded.tomcat.TomcatWebServer - Tomcat started on port 8080 (http) with context path '/'
2026-05-07 12:25:37.746 [INFO] com.mueez.oebsait.Main - Started Main in 3.393 seconds (process running for 6.239)
2026-05-07 12:25:41.815 [INFO] org.apache.catalina.core.ContainerBase.[Tomcat].[localhost].[/] - Initializing Spring DispatcherServlet 'dispatcherServlet'
2026-05-07 12:25:41.816 [INFO] org.springframework.web.servlet.DispatcherServlet - Initializing Servlet 'dispatcherServlet'
2026-05-07 12:25:41.817 [INFO] org.springframework.web.servlet.DispatcherServlet - Completed initialization in 1 ms
2026-05-07 12:25:41.872 [INFO] com.mueez.oebsait.controllers.MainController - Home page requested
2026-05-07 12:25:46.466 [INFO] com.mueez.oebsait.controllers.MainController - Home page requested
2026-05-07 12:25:51.133 [INFO] com.mueez.oebsait.controllers.MainController - engineering page requested
2026-05-07 12:25:54.672 [INFO] com.mueez.oebsait.controllers.MainController - engineering page requested
2026-05-07 12:25:56.124 [INFO] com.mueez.oebsait.controllers.MainController - sports page requested
2026-05-07 12:25:58.145 [INFO] com.mueez.oebsait.controllers.MainController - food page requested
2026-05-07 12:25:59.467 [INFO] com.mueez.oebsait.controllers.MainController - politics page requested
2026-05-07 12:26:00.880 [INFO] com.mueez.oebsait.controllers.MainController - mueezings page requested
2026-05-07 12:26:02.059 [INFO] com.mueez.oebsait.controllers.MainController - contact page requested
2026-05-07 12:26:24.147 [INFO] org.springframework.boot.web.embedded.tomcat.GracefulShutdown - Commencing graceful shutdown. Waiting for active requests to complete
2026-05-07 12:26:24.150 [INFO] org.springframework.boot.web.embedded.tomcat.GracefulShutdown - Graceful shutdown complete
2026-05-07 12:28:38.582 [INFO] com.mueez.oebsait.Main - Starting Main using Java 21 with PID 16902 (/home/mooease/Projects/oebsait/repos/oebsait/target/classes started by mooease in /home/mooease/Projects/oebsait/repos/oebsait)
2026-05-07 12:28:38.593 [INFO] com.mueez.oebsait.Main - No active profile set, falling back to 1 default profile: "default"
2026-05-07 12:28:39.927 [INFO] org.springframework.boot.web.embedded.tomcat.TomcatWebServer - Tomcat initialized with port 8080 (http)
2026-05-07 12:28:39.951 [INFO] org.apache.coyote.http11.Http11NioProtocol - Initializing ProtocolHandler ["http-nio-8080"]
2026-05-07 12:28:39.953 [INFO] org.apache.catalina.core.StandardService - Starting service [Tomcat]
2026-05-07 12:28:39.954 [INFO] org.apache.catalina.core.StandardEngine - Starting Servlet engine: [Apache Tomcat/10.1.48]
2026-05-07 12:28:40.021 [INFO] org.apache.catalina.core.ContainerBase.[Tomcat].[localhost].[/] - Initializing Spring embedded WebApplicationContext
2026-05-07 12:28:40.022 [INFO] org.springframework.boot.web.servlet.context.ServletWebServerApplicationContext - Root WebApplicationContext: initialization completed in 1337 ms
2026-05-07 12:28:40.946 [INFO] org.apache.coyote.http11.Http11NioProtocol - Starting ProtocolHandler ["http-nio-8080"]
2026-05-07 12:28:40.964 [INFO] org.springframework.boot.web.embedded.tomcat.TomcatWebServer - Tomcat started on port 8080 (http) with context path '/'
2026-05-07 12:28:40.977 [INFO] com.mueez.oebsait.Main - Started Main in 2.914 seconds (process running for 4.975)
2026-05-07 12:28:43.303 [INFO] org.apache.catalina.core.ContainerBase.[Tomcat].[localhost].[/] - Initializing Spring DispatcherServlet 'dispatcherServlet'
2026-05-07 12:28:43.304 [INFO] org.springframework.web.servlet.DispatcherServlet - Initializing Servlet 'dispatcherServlet'
2026-05-07 12:28:43.305 [INFO] org.springframework.web.servlet.DispatcherServlet - Completed initialization in 1 ms
2026-05-07 12:28:43.365 [INFO] com.mueez.oebsait.controllers.MainController - Home page requested
2026-05-07 12:28:45.787 [INFO] com.mueez.oebsait.controllers.MainController - Home page requested
2026-05-07 12:28:48.643 [INFO] com.mueez.oebsait.controllers.MainController - engineering page requested
2026-05-07 12:28:52.995 [INFO] com.mueez.oebsait.controllers.MainController - sports page requested
2026-05-07 12:28:55.206 [INFO] com.mueez.oebsait.controllers.MainController - food page requested
2026-05-07 12:29:04.773 [INFO] com.mueez.oebsait.controllers.MainController - politics page requested
2026-05-07 12:29:06.597 [INFO] com.mueez.oebsait.controllers.MainController - mueezings page requested
2026-05-07 12:29:08.014 [INFO] com.mueez.oebsait.controllers.MainController - contact page requested
2026-05-07 12:29:11.565 [INFO] com.mueez.oebsait.controllers.MainController - Home page requested
2026-05-07 12:29:13.959 [INFO] com.mueez.oebsait.controllers.MainController - engineering page requested
2026-05-07 12:29:17.638 [INFO] com.mueez.oebsait.controllers.MainController - sports page requested
2026-05-07 12:29:28.301 [INFO] com.mueez.oebsait.controllers.MainController - food page requested
